[Seed] Generating seed kernel...
[Seed 1/2] Generating...
[92mFinish reason: stop[0m
Usage: In=2499, Out=10620, Total=13119
[seed_0] score=1.9542 (baseline=0.2001ms)
[seed_0] metrics saved to: /home/hyc/LLMKernel/run/20251224_122414_3_rope_ref_openai_deepseek/3_rope_ref/evaluation/eval_0000.json
[Seed 1] Final score: 1.9542 âœ“
[Seed 2/2] Generating...
[92mFinish reason: stop[0m
Usage: In=2499, Out=6891, Total=9390
[seed_1] score=2.5438 (baseline=0.2001ms)
[seed_1] metrics saved to: /home/hyc/LLMKernel/run/20251224_122414_3_rope_ref_openai_deepseek/3_rope_ref/evaluation/eval_0001.json
[Seed 2] Final score: 2.5438 âœ“

================================================================================
[Hybrid Strategy] Analyzing all seeds for algorithmic optimization...
[Hybrid Strategy] - 2 seed(s) with score >= 1.0 (further optimization)
================================================================================

[Hybrid] Seed 1: score=1.9542 >= 1.0
[Hybrid] Attempting algorithm analysis for further optimization...
[Hybrid] Requesting LLM analysis for seed 1...
[92mFinish reason: stop[0m
Usage: In=3153, Out=715, Total=3868
[Hybrid] Worth optimizing: yes
[Hybrid] Reason: RoPE is a purely elementwise transform on Q/K and is currently run as a standalone kernel, so it introduces extra global memory traffic and a launch that can be eliminated by fusion.
[Hybrid] Analysis complete for seed 1, generating optimized kernel...
[Hybrid] Bottleneck: The current Triton kernel fully materializes rotated q_rotated and k_rotated in ...
[Hybrid] Optimization: Fuse RoPE directly into the attention (QKáµ€ / FlashAttention) kernel so that Q/K ...
[Hybrid] Expected speedup: 30-40%
[92mFinish reason: stop[0m
Usage: In=3472, Out=5725, Total=9197
[91mTest Error (RuntimeError):[0m Traceback (most recent call last):
  File "/home/hyc/LLMKernel/utils/compile_and_run.py", line 555, in compare_and_bench
    test_out, _ = _run_once(test_model, inp, dev)
                  ^^^^^^^^^^^^^^^^^^^^^^^^^^^^^^^
  File "/home/hyc/LLMKernel/utils/compile_and_run.py", line 132, in _run_once
    out = model(*inp)
          ^^^^^^^^^^^
  File "/home/hyc/miniconda3/envs/sglang/lib/python3.11/site-packages/torch/nn/modules/module.py", line 1775, in _wrapped_call_impl
    return self._call_impl(*args, **kwargs)
           ^^^^^^^^^^^^^^^^^^^^^^^^^^^^^^^^
  File "/home/hyc/miniconda3/envs/sglang/lib/python3.11/site-packages/torch/nn/modules/module.py", line 1786, in _call_impl
    return forward_call(*args, **kwargs)
           ^^^^^^^^^^^^^^^^^^^^^^^^^^^^^
  File "/home/hyc/LLMKernel/run/20251224_122414_3_rope_ref_openai_deepseek/3_rope_ref/code/kernel_20251224_122843.py", line 183, in forward
    return fused_rope_qk(q, k, cos, sin)
           ^^^^^^^^^^^^^^^^^^^^^^^^^^^^^
  File "/home/hyc/LLMKernel/run/20251224_122414_3_rope_ref_openai_deepseek/3_rope_ref/code/kernel_20251224_122843.py", line 156, in fused_rope_qk
    rope_qk_kernel[grid](
  File "/home/hyc/miniconda3/envs/sglang/lib/python3.11/site-packages/triton/runtime/jit.py", line 419, in <lambda>
    return lambda *args, **kwargs: self.run(grid=grid, warmup=False, *args, **kwargs)
                                   ^^^^^^^^^^^^^^^^^^^^^^^^^^^^^^^^^^^^^^^^^^^^^^^^^^
  File "/home/hyc/miniconda3/envs/sglang/lib/python3.11/site-packages/triton/runtime/jit.py", line 733, in run
    kernel = self._do_compile(key, signature, device, constexprs, options, attrs, warmup)
             ^^^^^^^^^^^^^^^^^^^^^^^^^^^^^^^^^^^^^^^^^^^^^^^^^^^^^^^^^^^^^^^^^^^^^^^^^^^^
  File "/home/hyc/miniconda3/envs/sglang/lib/python3.11/site-packages/triton/runtime/jit.py", line 861, in _do_compile
    kernel = self.compile(src, target=target, options=options.__dict__)
             ^^^^^^^^^^^^^^^^^^^^^^^^^^^^^^^^^^^^^^^^^^^^^^^^^^^^^^^^^^
  File "/home/hyc/miniconda3/envs/sglang/lib/python3.11/site-packages/triton/compiler/compiler.py", line 300, in compile
    module = src.make_ir(target, options, codegen_fns, module_map, context)
             ^^^^^^^^^^^^^^^^^^^^^^^^^^^^^^^^^^^^^^^^^^^^^^^^^^^^^^^^^^^^^^
  File "/home/hyc/miniconda3/envs/sglang/lib/python3.11/site-packages/triton/compiler/compiler.py", line 80, in make_ir
    return ast_to_ttir(self.fn, self, context=context, options=options, codegen_fns=codegen_fns,
           ^^^^^^^^^^^^^^^^^^^^^^^^^^^^^^^^^^^^^^^^^^^^^^^^^^^^^^^^^^^^^^^^^^^^^^^^^^^^^^^^^^^^^
triton.compiler.errors.CompilationError: at 45:4:

    # Base pointers for this (b, h, s)
    q_base = q_ptr + b * stride_qb + h * stride_qh + s * stride_qs
    k_base = k_ptr + b * stride_kb + h * stride_kh + s * stride_ks
    out_q_base = out_q_ptr + b * stride_qb + h * stride_qh + s * stride_qs
    out_k_base = out_k_ptr + b * stride_kb + h * stride_kh + s * stride_ks

    cos_base = cos_ptr + s * stride_coss
    sin_base = sin_ptr + s * stride_sins

    # Loop over half-dimension tiles
    for d0 in tl.static_range(0, HALF_DIM, BLOCK_D):
    ^
AssertionError('int32[] used as tl.static_range end value is not a constexpr')

[algorithm_optimized_seed0] failed. See metrics.message for details.
[algorithm_optimized_seed0] metrics saved to: /home/hyc/LLMKernel/run/20251224_122414_3_rope_ref_openai_deepseek/3_rope_ref/evaluation/eval_0002.json
[Hybrid] Algorithm-optimized kernel failed, attempting repair...
[92mFinish reason: stop[0m
Usage: In=3075, Out=3393, Total=6468
[algorithm_optimized_seed0_repair1] score=2.7058 (baseline=0.2001ms)
[algorithm_optimized_seed0_repair1] metrics saved to: /home/hyc/LLMKernel/run/20251224_122414_3_rope_ref_openai_deepseek/3_rope_ref/evaluation/eval_0003.json
[Hybrid] âœ“ Repair successful for algorithm-optimized seed 1
[Hybrid] âœ“ Rescue successful: 1.9542 â†’ 2.7058

[Hybrid] Seed 2: score=2.5438 >= 1.0
[Hybrid] Attempting algorithm analysis for further optimization...
[Hybrid] Requesting LLM analysis for seed 2...
[92mFinish reason: stop[0m
Usage: In=3288, Out=1427, Total=4715
[Hybrid] Worth optimizing: yes
[Hybrid] Reason: RoPE is a purely elementwise transform applied to Q/K before attention, so doing it in a standalone kernel adds an extra full read/write of Q/K that is completely memory-bound.
[Hybrid] Analysis complete for seed 2, generating optimized kernel...
[Hybrid] Bottleneck: The current Triton kernel materializes rotated Q/K in global memory, causing an ...
[Hybrid] Optimization: Operator fusion: fuse the RoPE rotation directly into the QK^T attention kernel ...
[Hybrid] Expected speedup: 50-80% reduction of RoPE-specific overhead (roughly 2-4x vs the current standalone RoPE kernel), translating to around 10-20% speedup for the combined RoPE+attention block depending on model size and sequence length.
[92mFinish reason: stop[0m
Usage: In=3629, Out=6121, Total=9750
[91mTest Error (RuntimeError):[0m Traceback (most recent call last):
  File "/home/hyc/miniconda3/envs/sglang/lib/python3.11/site-packages/triton/language/core.py", line 43, in wrapper
    return fn(*args, **kwargs)
           ^^^^^^^^^^^^^^^^^^^
  File "/home/hyc/miniconda3/envs/sglang/lib/python3.11/site-packages/triton/language/core.py", line 2865, in multiple_of
    return _semantic.multiple_of(input, values)
           ^^^^^^^^^^^^^^^^^^^^^^^^^^^^^^^^^^^^
  File "/home/hyc/miniconda3/envs/sglang/lib/python3.11/site-packages/triton/language/semantic.py", line 1779, in multiple_of
    if max(1, len(x.shape)) != len(values):
                  ^^^^^^^
AttributeError: 'constexpr' object has no attribute 'shape'

The above exception was the direct cause of the following exception:

Traceback (most recent call last):
  File "/home/hyc/LLMKernel/utils/compile_and_run.py", line 555, in compare_and_bench
    test_out, _ = _run_once(test_model, inp, dev)
                  ^^^^^^^^^^^^^^^^^^^^^^^^^^^^^^^
  File "/home/hyc/LLMKernel/utils/compile_and_run.py", line 132, in _run_once
    out = model(*inp)
          ^^^^^^^^^^^
  File "/home/hyc/miniconda3/envs/sglang/lib/python3.11/site-packages/torch/nn/modules/module.py", line 1775, in _wrapped_call_impl
    return self._call_impl(*args, **kwargs)
           ^^^^^^^^^^^^^^^^^^^^^^^^^^^^^^^^
  File "/home/hyc/miniconda3/envs/sglang/lib/python3.11/site-packages/torch/nn/modules/module.py", line 1786, in _call_impl
    return forward_call(*args, **kwargs)
           ^^^^^^^^^^^^^^^^^^^^^^^^^^^^^
  File "/home/hyc/LLMKernel/run/20251224_122414_3_rope_ref_openai_deepseek/3_rope_ref/code/kernel_20251224_123050.py", line 160, in forward
    q_rot, k_rot, cos_out, sin_out = rope_triton(q, k, cos, sin)
                                     ^^^^^^^^^^^^^^^^^^^^^^^^^^^
  File "/home/hyc/LLMKernel/run/20251224_122414_3_rope_ref_openai_deepseek/3_rope_ref/code/kernel_20251224_123050.py", line 125, in rope_triton
    rope_kernel_inplace[grid](
  File "/home/hyc/miniconda3/envs/sglang/lib/python3.11/site-packages/triton/runtime/jit.py", line 419, in <lambda>
    return lambda *args, **kwargs: self.run(grid=grid, warmup=False, *args, **kwargs)
                                   ^^^^^^^^^^^^^^^^^^^^^^^^^^^^^^^^^^^^^^^^^^^^^^^^^^
  File "/home/hyc/miniconda3/envs/sglang/lib/python3.11/site-packages/triton/runtime/jit.py", line 733, in run
    kernel = self._do_compile(key, signature, device, constexprs, options, attrs, warmup)
             ^^^^^^^^^^^^^^^^^^^^^^^^^^^^^^^^^^^^^^^^^^^^^^^^^^^^^^^^^^^^^^^^^^^^^^^^^^^^
  File "/home/hyc/miniconda3/envs/sglang/lib/python3.11/site-packages/triton/runtime/jit.py", line 861, in _do_compile
    kernel = self.compile(src, target=target, options=options.__dict__)
             ^^^^^^^^^^^^^^^^^^^^^^^^^^^^^^^^^^^^^^^^^^^^^^^^^^^^^^^^^^
  File "/home/hyc/miniconda3/envs/sglang/lib/python3.11/site-packages/triton/compiler/compiler.py", line 300, in compile
    module = src.make_ir(target, options, codegen_fns, module_map, context)
             ^^^^^^^^^^^^^^^^^^^^^^^^^^^^^^^^^^^^^^^^^^^^^^^^^^^^^^^^^^^^^^
  File "/home/hyc/miniconda3/envs/sglang/lib/python3.11/site-packages/triton/compiler/compiler.py", line 80, in make_ir
    return ast_to_ttir(self.fn, self, context=context, options=options, codegen_fns=codegen_fns,
           ^^^^^^^^^^^^^^^^^^^^^^^^^^^^^^^^^^^^^^^^^^^^^^^^^^^^^^^^^^^^^^^^^^^^^^^^^^^^^^^^^^^^^
triton.compiler.errors.CompilationError: at 46:4:
    q2_ptrs = q_ptr + pid_bh * stride_q0 + pid_s * stride_q1 + (offs_d + HALF_D) * stride_q2

    k1_ptrs = k_ptr + pid_bh * stride_k0 + pid_s * stride_k1 + offs_d * stride_k2
    k2_ptrs = k_ptr + pid_bh * stride_k0 + pid_s * stride_k1 + (offs_d + HALF_D) * stride_k2

    # cos/sin: (S, HALF_D) with strides (stride_cos0, stride_cos1)
    cos_ptrs = cos_ptr + pid_s * stride_cos0 + offs_d * stride_cos1
    sin_ptrs = sin_ptr + pid_s * stride_sin0 + offs_d * stride_sin1

    # Hint alignment for better codegen
    tl.multiple_of(offs_d, BLOCK_D)
    tl.multiple_of(stride_q2, 1)
    ^
'constexpr' object has no attribute 'shape'

[algorithm_optimized_seed1] failed. See metrics.message for details.
[algorithm_optimized_seed1] metrics saved to: /home/hyc/LLMKernel/run/20251224_122414_3_rope_ref_openai_deepseek/3_rope_ref/evaluation/eval_0004.json
[Hybrid] Algorithm-optimized kernel failed, attempting repair...
[92mFinish reason: stop[0m
Usage: In=3301, Out=3478, Total=6779
[algorithm_optimized_seed1_repair1] score=3.4619 (baseline=0.2001ms)
[algorithm_optimized_seed1_repair1] metrics saved to: /home/hyc/LLMKernel/run/20251224_122414_3_rope_ref_openai_deepseek/3_rope_ref/evaluation/eval_0005.json
[Hybrid] âœ“ Repair successful for algorithm-optimized seed 2
[Hybrid] âœ“ Rescue successful: 2.5438 â†’ 3.4619

================================================================================
[Hybrid] Candidate Selection
================================================================================
[Hybrid] Total candidates: 4
  [1] seed 1: 1.9542
  [2] seed 2: 2.5438
  [3] algo-optimized (from seed 1): 2.7058
  [4] algo-optimized (from seed 2): 3.4619

[Hybrid] â˜… Selected best candidate: score=3.4619

[Optimization] Starting 3-stage optimization...

================================================================================
[Stage 1/3] grid_and_parallel
Description: Optimize grid layout and parallel work distribution across SMs.
Current candidates: 1, best score: 3.4619
================================================================================
[Stage 1] Profiling best candidate...
[Stage 1] Generating optimized kernel...
[92mFinish reason: stop[0m
Usage: In=2225, Out=4479, Total=6704
[stage1_grid_and_parallel] score=3.5633 (baseline=0.2001ms)
[stage1_grid_and_parallel] metrics saved to: /home/hyc/LLMKernel/run/20251224_122414_3_rope_ref_openai_deepseek/3_rope_ref/evaluation/eval_0006.json
  Optimized kernel score: 3.5633 âœ“
[Stage 1] â˜… New best score: 3.5633

================================================================================
[Stage 2/3] block_tiling
Description: Tune BLOCK_M/N/K sizes for optimal register/memory balance.
Current candidates: 1, best score: 3.5633
================================================================================
[Stage 2] Profiling best candidate...
[Stage 2] Generating optimized kernel...
[92mFinish reason: stop[0m
Usage: In=2344, Out=4152, Total=6496
[91mTest Error (RuntimeError):[0m Traceback (most recent call last):
  File "/home/hyc/LLMKernel/utils/compile_and_run.py", line 644, in compare_and_bench
    raise ValueError(
ValueError: Outputs are not close (atol=1, rtol=1). max_abs_err=nan, mean_abs_err=nan

[stage2_block_tiling] failed. See metrics.message for details.
[stage2_block_tiling] metrics saved to: /home/hyc/LLMKernel/run/20251224_122414_3_rope_ref_openai_deepseek/3_rope_ref/evaluation/eval_0007.json
  Optimization failed, attempting repair...
[92mFinish reason: stop[0m
Usage: In=2270, Out=7354, Total=9624
[91mTest Error (RuntimeError):[0m Traceback (most recent call last):
  File "/home/hyc/LLMKernel/utils/compile_and_run.py", line 644, in compare_and_bench
    raise ValueError(
ValueError: Outputs are not close (atol=1, rtol=1). max_abs_err=nan, mean_abs_err=nan

[stage2_block_tiling_repair] failed. See metrics.message for details.
[stage2_block_tiling_repair] metrics saved to: /home/hyc/LLMKernel/run/20251224_122414_3_rope_ref_openai_deepseek/3_rope_ref/evaluation/eval_0008.json
  Optimization failed, keeping previous candidate âœ—
[Stage 2] Current: 3.5633 (global best: 3.5633)

================================================================================
[Stage 3/3] memory_and_tuning
Description: Optimize memory access patterns and fine-tune num_stages/num_warps.
Current candidates: 1, best score: 3.5633
================================================================================
[Stage 3] Generating optimized kernel...
[92mFinish reason: stop[0m
Usage: In=2438, Out=4310, Total=6748
[91mTest Error (RuntimeError):[0m Traceback (most recent call last):
  File "/home/hyc/LLMKernel/utils/compile_and_run.py", line 644, in compare_and_bench
    raise ValueError(
ValueError: Outputs are not close (atol=1, rtol=1). max_abs_err=nan, mean_abs_err=nan

[stage3_memory_and_tuning] failed. See metrics.message for details.
[stage3_memory_and_tuning] metrics saved to: /home/hyc/LLMKernel/run/20251224_122414_3_rope_ref_openai_deepseek/3_rope_ref/evaluation/eval_0009.json
  Optimization failed, attempting repair...
[92mFinish reason: stop[0m
Usage: In=2311, Out=6466, Total=8777
[91mTest Error (RuntimeError):[0m Traceback (most recent call last):
  File "/home/hyc/LLMKernel/utils/compile_and_run.py", line 644, in compare_and_bench
    raise ValueError(
ValueError: Outputs are not close (atol=1, rtol=1). max_abs_err=nan, mean_abs_err=nan

[stage3_memory_and_tuning_repair] failed. See metrics.message for details.
[stage3_memory_and_tuning_repair] metrics saved to: /home/hyc/LLMKernel/run/20251224_122414_3_rope_ref_openai_deepseek/3_rope_ref/evaluation/eval_0010.json
  Optimization failed, keeping previous candidate âœ—
[Stage 3] Current: 3.5633 (global best: 3.5633)
[3_rope_ref.py] Figure saved to: /home/hyc/LLMKernel/run/20251224_122414_3_rope_ref_openai_deepseek/3_rope_ref/figures/3_rope_ref_score.png
