[Seed] Generating seed kernel...
[Seed 1/2] Generating...
[92mFinish reason: stop[0m
Usage: In=2360, Out=19350, Total=21710
[seed_0] score=0.9829 (baseline=17.6678ms)
[seed_0] metrics saved to: /home/hyc/LLMKernel/run/20251228_100418_49_Mamba2ReturnFinalState_openai_deepseek/49_Mamba2ReturnFinalState/evaluation/eval_0000.json
[Seed 1] Final score: 0.9829 âœ“
[Seed 2/2] Generating...
[92mFinish reason: stop[0m
Usage: In=2360, Out=21580, Total=23940
[91mTest Error (RuntimeError):[0m Traceback (most recent call last):
  File "/home/hyc/LLMKernel/utils/compile_and_run.py", line 555, in compare_and_bench
    test_out, _ = _run_once(test_model, inp, dev)
                  ^^^^^^^^^^^^^^^^^^^^^^^^^^^^^^^
  File "/home/hyc/LLMKernel/utils/compile_and_run.py", line 132, in _run_once
    out = model(*inp)
          ^^^^^^^^^^^
  File "/home/hyc/miniconda3/envs/sglang/lib/python3.11/site-packages/torch/nn/modules/module.py", line 1775, in _wrapped_call_impl
    return self._call_impl(*args, **kwargs)
           ^^^^^^^^^^^^^^^^^^^^^^^^^^^^^^^^
  File "/home/hyc/miniconda3/envs/sglang/lib/python3.11/site-packages/torch/nn/modules/module.py", line 1786, in _call_impl
    return forward_call(*args, **kwargs)
           ^^^^^^^^^^^^^^^^^^^^^^^^^^^^^
  File "/home/hyc/LLMKernel/run/20251228_100418_49_Mamba2ReturnFinalState_openai_deepseek/49_Mamba2ReturnFinalState/code/kernel_20251228_100923.py", line 244, in forward
    states = intra_states_triton(B_blocks, decay_states, X_blocks)  # [b, c, h, p, n]
             ^^^^^^^^^^^^^^^^^^^^^^^^^^^^^^^^^^^^^^^^^^^^^^^^^^^^^
  File "/home/hyc/LLMKernel/run/20251228_100418_49_Mamba2ReturnFinalState_openai_deepseek/49_Mamba2ReturnFinalState/code/kernel_20251228_100923.py", line 145, in intra_states_triton
    _, _, _, d_head = X_blocks.shape
    ^^^^^^^^^^^^^^^
ValueError: too many values to unpack (expected 4)

[seed_1] failed. See metrics.message for details.
[seed_1] metrics saved to: /home/hyc/LLMKernel/run/20251228_100418_49_Mamba2ReturnFinalState_openai_deepseek/49_Mamba2ReturnFinalState/evaluation/eval_0001.json
[Seed 2] Failed, attempting repair...
[92mFinish reason: stop[0m
Usage: In=3289, Out=11031, Total=14320
[91mTest Error (RuntimeError):[0m Traceback (most recent call last):
  File "/home/hyc/LLMKernel/utils/compile_and_run.py", line 644, in compare_and_bench
    raise ValueError(
ValueError: Outputs are not close (atol=1, rtol=1). max_abs_err=nan, mean_abs_err=nan

[seed_1_repair_1] failed. See metrics.message for details.
[seed_1_repair_1] metrics saved to: /home/hyc/LLMKernel/run/20251228_100418_49_Mamba2ReturnFinalState_openai_deepseek/49_Mamba2ReturnFinalState/evaluation/eval_0002.json
[92mFinish reason: stop[0m
Usage: In=3164, Out=14775, Total=17939
[91mTest Error (RuntimeError):[0m Traceback (most recent call last):
  File "/home/hyc/LLMKernel/utils/compile_and_run.py", line 644, in compare_and_bench
    raise ValueError(
ValueError: Outputs are not close (atol=1, rtol=1). max_abs_err=1.334e+20, mean_abs_err=3.694e+17

[seed_1_repair_2] failed. See metrics.message for details.
[seed_1_repair_2] metrics saved to: /home/hyc/LLMKernel/run/20251228_100418_49_Mamba2ReturnFinalState_openai_deepseek/49_Mamba2ReturnFinalState/evaluation/eval_0003.json
[92mFinish reason: stop[0m
Usage: In=3346, Out=19632, Total=22978
[91mTest Error (RuntimeError):[0m Traceback (most recent call last):
  File "/home/hyc/miniconda3/envs/sglang/lib/python3.11/site-packages/triton/language/core.py", line 43, in wrapper
    return fn(*args, **kwargs)
           ^^^^^^^^^^^^^^^^^^^
  File "/home/hyc/miniconda3/envs/sglang/lib/python3.11/site-packages/triton/language/core.py", line 1094, in __getitem__
    for dim, sl in enumerate(slices):
  File "/home/hyc/miniconda3/envs/sglang/lib/python3.11/site-packages/triton/language/core.py", line 41, in wrapper
    raise ValueError("Did you forget to add @triton.jit ? "
ValueError: Did you forget to add @triton.jit ? (`_semantic` argument must be provided outside of JIT functions.)

The above exception was the direct cause of the following exception:

Traceback (most recent call last):
  File "/home/hyc/LLMKernel/utils/compile_and_run.py", line 555, in compare_and_bench
    test_out, _ = _run_once(test_model, inp, dev)
                  ^^^^^^^^^^^^^^^^^^^^^^^^^^^^^^^
  File "/home/hyc/LLMKernel/utils/compile_and_run.py", line 132, in _run_once
    out = model(*inp)
          ^^^^^^^^^^^
  File "/home/hyc/miniconda3/envs/sglang/lib/python3.11/site-packages/torch/nn/modules/module.py", line 1775, in _wrapped_call_impl
    return self._call_impl(*args, **kwargs)
           ^^^^^^^^^^^^^^^^^^^^^^^^^^^^^^^^
  File "/home/hyc/miniconda3/envs/sglang/lib/python3.11/site-packages/torch/nn/modules/module.py", line 1786, in _call_impl
    return forward_call(*args, **kwargs)
           ^^^^^^^^^^^^^^^^^^^^^^^^^^^^^
  File "/home/hyc/LLMKernel/run/20251228_100418_49_Mamba2ReturnFinalState_openai_deepseek/49_Mamba2ReturnFinalState/code/kernel_20251228_101525.py", line 293, in forward
    decay_chunk = segsum_exp_triton(A_last_padded)  # [b, h, c+1, c+1]
                  ^^^^^^^^^^^^^^^^^^^^^^^^^^^^^^^^
  File "/home/hyc/LLMKernel/run/20251228_100418_49_Mamba2ReturnFinalState_openai_deepseek/49_Mamba2ReturnFinalState/code/kernel_20251228_101525.py", line 144, in segsum_exp_triton
    segsum_exp_kernel[grid](
  File "/home/hyc/miniconda3/envs/sglang/lib/python3.11/site-packages/triton/runtime/jit.py", line 419, in <lambda>
    return lambda *args, **kwargs: self.run(grid=grid, warmup=False, *args, **kwargs)
                                   ^^^^^^^^^^^^^^^^^^^^^^^^^^^^^^^^^^^^^^^^^^^^^^^^^^
  File "/home/hyc/miniconda3/envs/sglang/lib/python3.11/site-packages/triton/runtime/jit.py", line 733, in run
    kernel = self._do_compile(key, signature, device, constexprs, options, attrs, warmup)
             ^^^^^^^^^^^^^^^^^^^^^^^^^^^^^^^^^^^^^^^^^^^^^^^^^^^^^^^^^^^^^^^^^^^^^^^^^^^^
  File "/home/hyc/miniconda3/envs/sglang/lib/python3.11/site-packages/triton/runtime/jit.py", line 861, in _do_compile
    kernel = self.compile(src, target=target, options=options.__dict__)
             ^^^^^^^^^^^^^^^^^^^^^^^^^^^^^^^^^^^^^^^^^^^^^^^^^^^^^^^^^^
  File "/home/hyc/miniconda3/envs/sglang/lib/python3.11/site-packages/triton/compiler/compiler.py", line 300, in compile
    module = src.make_ir(target, options, codegen_fns, module_map, context)
             ^^^^^^^^^^^^^^^^^^^^^^^^^^^^^^^^^^^^^^^^^^^^^^^^^^^^^^^^^^^^^^
  File "/home/hyc/miniconda3/envs/sglang/lib/python3.11/site-packages/triton/compiler/compiler.py", line 80, in make_ir
    return ast_to_ttir(self.fn, self, context=context, options=options, codegen_fns=codegen_fns,
           ^^^^^^^^^^^^^^^^^^^^^^^^^^^^^^^^^^^^^^^^^^^^^^^^^^^^^^^^^^^^^^^^^^^^^^^^^^^^^^^^^^^^^
triton.compiler.errors.CompilationError: at 29:23:
    x = tl.load(x_ptrs, mask=mask_b & mask_t, other=0.0)
    x = x.to(tl.float32)

    # Prefix sum along time dimension
    prefix = tl.cumsum(x, axis=0)  # [BLOCK_T]

    # For each row i, compute exp of segment sums sum_{k=i..j} x_k for all j >= i
    for i in range(0, BLOCK_T):
        if i < T:
            # Prefix sum before position i (0 if i == 0)
            if i > 0:
                base = prefix[i - 1]
                       ^
Did you forget to add @triton.jit ? (`_semantic` argument must be provided outside of JIT functions.)

[seed_1_repair_3] failed. See metrics.message for details.
[seed_1_repair_3] metrics saved to: /home/hyc/LLMKernel/run/20251228_100418_49_Mamba2ReturnFinalState_openai_deepseek/49_Mamba2ReturnFinalState/evaluation/eval_0004.json
[92mFinish reason: stop[0m
Usage: In=4362, Out=10445, Total=14807
[91mTest Error (RuntimeError):[0m Traceback (most recent call last):
  File "/home/hyc/LLMKernel/utils/compile_and_run.py", line 644, in compare_and_bench
    raise ValueError(
ValueError: Outputs are not close (atol=1, rtol=1). max_abs_err=1.334e+20, mean_abs_err=3.694e+17

[seed_1_repair_4] failed. See metrics.message for details.
[seed_1_repair_4] metrics saved to: /home/hyc/LLMKernel/run/20251228_100418_49_Mamba2ReturnFinalState_openai_deepseek/49_Mamba2ReturnFinalState/evaluation/eval_0005.json
[92mFinish reason: stop[0m
Usage: In=3632, Out=17998, Total=21630
[seed_1_repair_5] score=3.9448 (baseline=17.6678ms)
[seed_1_repair_5] metrics saved to: /home/hyc/LLMKernel/run/20251228_100418_49_Mamba2ReturnFinalState_openai_deepseek/49_Mamba2ReturnFinalState/evaluation/eval_0006.json
[Seed 2 Repair] Score: 3.9448 âœ“
[Seed 2] Final score: 3.9448 âœ“

================================================================================
[Hybrid Strategy] Analyzing all seeds for algorithmic optimization...
[Hybrid Strategy] - 1 seed(s) with score < 1.0 (rescue)
[Hybrid Strategy] - 1 seed(s) with score >= 1.0 (further optimization)
================================================================================

[Hybrid] Seed 1: score=0.9829 < 1.0
[Hybrid] Attempting algorithm analysis rescue...
[Hybrid] Requesting LLM analysis for seed 1...
[92mFinish reason: stop[0m
Usage: In=4543, Out=2467, Total=7010
[Hybrid] Worth optimizing: yes
[Hybrid] Reason: The y_diag computation is still O(L^2) in sequence length inside the Triton kernel, even though an O(L) recurrence exists for this structured SSM.
[Hybrid] Analysis complete for seed 1, generating optimized kernel...
[Hybrid] Bottleneck: The current y_diag_kernel loops over all source positions s and time positions t...
[Hybrid] Optimization: Replace the quadratic exp(segsum(A))-based formulation of Y_diag with a linear-t...
[Hybrid] Expected speedup: 30-40% end-to-end (2-3x speedup for the y_diag part, which is currently the dominant cost).
[92mFinish reason: stop[0m
Usage: In=5017, Out=7692, Total=12709
[algorithm_optimized_seed0] score=1.3362 (baseline=17.6678ms)
[algorithm_optimized_seed0] metrics saved to: /home/hyc/LLMKernel/run/20251228_100418_49_Mamba2ReturnFinalState_openai_deepseek/49_Mamba2ReturnFinalState/evaluation/eval_0007.json
[Hybrid] âœ“ Rescue successful: 0.9829 â†’ 1.3362

[Hybrid] Seed 2: score=3.9448 >= 1.0
[Hybrid] Attempting algorithm analysis for further optimization...
[Hybrid] Requesting LLM analysis for seed 2...
[92mFinish reason: stop[0m
Usage: In=4571, Out=3478, Total=8049
[Hybrid] Worth optimizing: yes
[Hybrid] Reason: The interâ€‘chunk recurrence is still executed as a Python loop over chunks, which becomes increasingly inefficient and launchâ€‘bound as the number of chunks grows.
[Hybrid] Analysis complete for seed 2, generating optimized kernel...
[Hybrid] Bottleneck: In `ModelNew.forward`, the recurrence `for k in range(c): current_state = exp(A_...
[Hybrid] Optimization: Algorithm Replacement: move the interâ€‘chunk recurrence loop inside a single pers...
[Hybrid] Expected speedup: 20-30% for typical workloads with more than a few chunks (larger seq_length/block_len), with higher gains as the number of chunks grows.
[92mFinish reason: stop[0m
Usage: In=4947, Out=10253, Total=15200
[algorithm_optimized_seed1] score=3.8710 (baseline=17.6678ms)
[algorithm_optimized_seed1] metrics saved to: /home/hyc/LLMKernel/run/20251228_100418_49_Mamba2ReturnFinalState_openai_deepseek/49_Mamba2ReturnFinalState/evaluation/eval_0008.json
[Hybrid] âœ“ Rescue successful: 3.9448 â†’ 3.8710

================================================================================
[Hybrid] Candidate Selection
================================================================================
[Hybrid] Total candidates: 4
  [1] seed 1: 0.9829
  [2] seed 2: 3.9448
  [3] algo-optimized (from seed 1): 1.3362
  [4] algo-optimized (from seed 2): 3.8710

[Hybrid] â˜… Selected best candidate: score=3.9448

[Optimization] Starting 3-stage optimization...

================================================================================
[Stage 1/3] grid_and_parallel
Description: Optimize grid layout and parallel work distribution across SMs.
Current candidates: 1, best score: 3.9448
================================================================================
[Stage 1] Profiling best candidate...
[Stage 1] Generating optimized kernel...
[92mFinish reason: stop[0m
Usage: In=3603, Out=15696, Total=19299
[91mTest Error (RuntimeError):[0m Traceback (most recent call last):
  File "/home/hyc/miniconda3/envs/sglang/lib/python3.11/site-packages/triton/language/core.py", line 43, in wrapper
    return fn(*args, **kwargs)
           ^^^^^^^^^^^^^^^^^^^
  File "/home/hyc/miniconda3/envs/sglang/lib/python3.11/site-packages/triton/language/core.py", line 1101, in __getitem__
    raise ValueError(f"unsupported tensor index: {sl}")
ValueError: unsupported tensor index: constexpr[63]

The above exception was the direct cause of the following exception:

Traceback (most recent call last):
  File "/home/hyc/LLMKernel/utils/compile_and_run.py", line 555, in compare_and_bench
    test_out, _ = _run_once(test_model, inp, dev)
                  ^^^^^^^^^^^^^^^^^^^^^^^^^^^^^^^
  File "/home/hyc/LLMKernel/utils/compile_and_run.py", line 132, in _run_once
    out = model(*inp)
          ^^^^^^^^^^^
  File "/home/hyc/miniconda3/envs/sglang/lib/python3.11/site-packages/torch/nn/modules/module.py", line 1775, in _wrapped_call_impl
    return self._call_impl(*args, **kwargs)
           ^^^^^^^^^^^^^^^^^^^^^^^^^^^^^^^^
  File "/home/hyc/miniconda3/envs/sglang/lib/python3.11/site-packages/torch/nn/modules/module.py", line 1786, in _call_impl
    return forward_call(*args, **kwargs)
           ^^^^^^^^^^^^^^^^^^^^^^^^^^^^^
  File "/home/hyc/LLMKernel/run/20251228_100418_49_Mamba2ReturnFinalState_openai_deepseek/49_Mamba2ReturnFinalState/code/kernel_20251228_102345.py", line 472, in forward
    decay_states, A_last = compute_decay_and_last_triton(A_blocks)   # [b, h, c, l], [b, h, c]
                           ^^^^^^^^^^^^^^^^^^^^^^^^^^^^^^^^^^^^^^^
  File "/home/hyc/LLMKernel/run/20251228_100418_49_Mamba2ReturnFinalState_openai_deepseek/49_Mamba2ReturnFinalState/code/kernel_20251228_102345.py", line 270, in compute_decay_and_last_triton
    decay_from_A_kernel[grid](
  File "/home/hyc/miniconda3/envs/sglang/lib/python3.11/site-packages/triton/runtime/jit.py", line 419, in <lambda>
    return lambda *args, **kwargs: self.run(grid=grid, warmup=False, *args, **kwargs)
                                   ^^^^^^^^^^^^^^^^^^^^^^^^^^^^^^^^^^^^^^^^^^^^^^^^^^
  File "/home/hyc/miniconda3/envs/sglang/lib/python3.11/site-packages/triton/runtime/jit.py", line 733, in run
    kernel = self._do_compile(key, signature, device, constexprs, options, attrs, warmup)
             ^^^^^^^^^^^^^^^^^^^^^^^^^^^^^^^^^^^^^^^^^^^^^^^^^^^^^^^^^^^^^^^^^^^^^^^^^^^^
  File "/home/hyc/miniconda3/envs/sglang/lib/python3.11/site-packages/triton/runtime/jit.py", line 861, in _do_compile
    kernel = self.compile(src, target=target, options=options.__dict__)
             ^^^^^^^^^^^^^^^^^^^^^^^^^^^^^^^^^^^^^^^^^^^^^^^^^^^^^^^^^^
  File "/home/hyc/miniconda3/envs/sglang/lib/python3.11/site-packages/triton/compiler/compiler.py", line 300, in compile
    module = src.make_ir(target, options, codegen_fns, module_map, context)
             ^^^^^^^^^^^^^^^^^^^^^^^^^^^^^^^^^^^^^^^^^^^^^^^^^^^^^^^^^^^^^^
  File "/home/hyc/miniconda3/envs/sglang/lib/python3.11/site-packages/triton/compiler/compiler.py", line 80, in make_ir
    return ast_to_ttir(self.fn, self, context=context, options=options, codegen_fns=codegen_fns,
           ^^^^^^^^^^^^^^^^^^^^^^^^^^^^^^^^^^^^^^^^^^^^^^^^^^^^^^^^^^^^^^^^^^^^^^^^^^^^^^^^^^^^^
triton.compiler.errors.CompilationError: at 38:14:
    mask_g = pid < G
    mask_l = offs_l < L
    mask = mask_g & mask_l

    # Load row A[g, :]
    A_row_ptr = A_ptr + pid * stride_ag + offs_l * stride_al
    a = tl.load(A_row_ptr, mask=mask, other=0.0)
    a = a.to(tl.float32)

    # Prefix sum and total
    s = tl.cumsum(a, axis=0)  # [BLOCK_L]
    S_total = s[L - 1]        # scalar
              ^
unsupported tensor index: constexpr[63]

[stage1_grid_and_parallel] failed. See metrics.message for details.
[stage1_grid_and_parallel] metrics saved to: /home/hyc/LLMKernel/run/20251228_100418_49_Mamba2ReturnFinalState_openai_deepseek/49_Mamba2ReturnFinalState/evaluation/eval_0009.json
  Optimization failed, attempting repair...
[92mFinish reason: stop[0m
Usage: In=5716, Out=6687, Total=12403
[stage1_grid_and_parallel_repair] score=3.8741 (baseline=17.6678ms)
[stage1_grid_and_parallel_repair] metrics saved to: /home/hyc/LLMKernel/run/20251228_100418_49_Mamba2ReturnFinalState_openai_deepseek/49_Mamba2ReturnFinalState/evaluation/eval_0010.json
  Optimized kernel score: 3.8741 âœ“
[Stage 1] Current: 3.8741 (global best: 3.9448)

================================================================================
[Stage 2/3] block_tiling
Description: Tune BLOCK_M/N/K sizes for optimal register/memory balance.
Current candidates: 1, best score: 3.9448
================================================================================
[Stage 2] Profiling best candidate...
[Stage 2] Generating optimized kernel...
